%!Adobe-FontList 1.19
%Locale:0x40c

%BeginFont
Handler:DirectoryHandler
FontType:TrueType
FontName:IcoMoon-Free
FamilyName:IcoMoon-Free
StyleName:Regular
FullName:IcoMoon-Free
MenuName:IcoMoon-Free
StyleBits:0
FamilyNameNative:IcoMoon-Free
StyleNameNative:Regular
FullNameNative:IcoMoon-Free Regular
WritingScript:Korean
OutlineFileName:C:\Users\Louis Godlewski\Desktop\IcoMoon-Free-master\Font\IcoMoon-Free.ttf
DataFormat:sfntData
hasSVG:no
VariableFontType:NonVariableFont
FileLength:130416
FileModTime:1457883772
WeightClass:400
WidthClass:5
AngleClass:0
NameArray:0,Mac,4,IcoMoon-Free
NameArray:0,Win,1,IcoMoon-Free
%EndFont

%BeginFont
Handler:DirectoryHandler
FontType:Invalid
OutlineFileName:C:\Users\Louis Godlewski\Desktop\IcoMoon-Free-master\Font\Read Me.txt
FileModTime:1457883772
%EndFont

%BeginFont
Handler:DirectoryHandler
FontType:Invalid
OutlineFileName:C:\Users\Louis Godlewski\Desktop\IcoMoon-Free-master\Font\Reference.html
FileModTime:1457883772
%EndFont

%BeginFont
Handler:DirectoryHandler
FontType:Invalid
OutlineFileName:C:\Users\Louis Godlewski\Desktop\IcoMoon-Free-master\Font\selection.json
FileModTime:1457883772
%EndFont

%BeginFont
Handler:DirectoryHandler
FontType:Invalid
OutlineFileName:C:\Users\Louis Godlewski\Desktop\IcoMoon-Free-master\Font\demo-files\demo.css
FileModTime:1457883772
%EndFont

%BeginFont
Handler:DirectoryHandler
FontType:Invalid
OutlineFileName:C:\Users\Louis Godlewski\Desktop\IcoMoon-Free-master\Font\demo-files\demo.js
FileModTime:1457883772
%EndFont

%BeginFont
Handler:DirectoryHandler
FontType:Invalid
OutlineFileName:C:\Users\Louis Godlewski\Desktop\IcoMoon-Free-master\Font\demo-files\liga.js
FileModTime:1457883772
%EndFont

